// Jest Snapshot v1, https://goo.gl/fbAQLP

exports[`<AddToCart/> renders and match snapshot 1`] = `
<button
  disabled={false}
  onClick={[Function]}
>
  Add
   To Cart 
  <span>
    ðŸ’¼
  </span>
</button>
`;
