// Jest Snapshot v1, https://goo.gl/fbAQLP

exports[`<Nav /> renders mini nav when signed out 1`] = `
Array [
  <NavStyles
    data-test="nav"
  >
    <ul
      className="NavStyles-sc-4m0l32-0 jaDDAv"
      data-test="nav"
    >
      <Link
        href="/items"
      >
        <a
          href="/items"
          onClick={[Function]}
        >
          Shop
        </a>
      </Link>
      <Link
        href="/signup"
      >
        <a
          href="/signup"
          onClick={[Function]}
        >
          Sign In
        </a>
      </Link>
    </ul>
  </NavStyles>,
  <ul
    className="NavStyles-sc-4m0l32-0 jaDDAv"
    data-test="nav"
  >
    <Link
      href="/items"
    >
      <a
        href="/items"
        onClick={[Function]}
      >
        Shop
      </a>
    </Link>
    <Link
      href="/signup"
    >
      <a
        href="/signup"
        onClick={[Function]}
      >
        Sign In
      </a>
    </Link>
  </ul>,
]
`;

exports[`<Nav /> renders the amount of items in the cart 1`] = `
<div
  className="count CartCount__Dot-ildf20-1 hRziki"
>
  9
</div>
`;
