// Jest Snapshot v1, https://goo.gl/fbAQLP

exports[`<SingleItem /> Errors when not found item 1`] = `
<p
  data-test="graphql-error"
>
  <strong>
    Nope!
  </strong>
  Item not Found
</p>
`;

exports[`<SingleItem /> renders with proper data 1`] = `
<h2>
  Here is: 
  dogs are best
</h2>
`;

exports[`<SingleItem /> renders with proper data 2`] = `
<img
  alt="dogs are best"
  src="dog.jpg"
/>
`;

exports[`<SingleItem /> renders with proper data 3`] = `
<p>
  dogs
</p>
`;
