// Jest Snapshot v1, https://goo.gl/fbAQLP

exports[`<TakeMyMoney/> renders and match snapshot 1`] = `null`;
